
### brighton1969_invitro_O2    W1626063061  cited_by=79    OA citing=9

### brighton1971_zonemap       W49974486  cited_by=243   OA citing=52
  HIT 2013 Of Mice, Men and Elephants: The Relation between Articular Cartilage T | https://journals.plos.org/plosone/article/file?id=10.1371/journal.pone.0057683&type=printable
       > Brighton C, Heppenstall R (1971) Oxygen tension
  HIT 2016 Flavonoid Compound Icariin Activates Hypoxia Inducible Factor-1α in Ch | https://journals.plos.org/plosone/article/file?id=10.1371/journal.pone.0148372&type=printable
  HIT 2012 Hypoxia Inhibits Hypertrophic Differentiation and Endochondral Ossific | https://journals.plos.org/plosone/article/file?id=10.1371/journal.pone.0049896&type=printable
       > Brighton CT, Heppenstall RB (1971) Oxygen tension
  HIT 2022 Hypoxia During the Consolidation Phase of Distraction Osteogenesis Pro | https://doi.org/10.3389/fphys.2022.804469
       > Brighton and Heppenstall (1971) demonstrated that pericellular reduction in oxygen tension
       > Brighton and Heppenstall (1971)",{"@_ref-type":1015,"@_rid":2231},"B7",{"#text":2233}," demonstrated that pericellular reduction in oxygen tension
  HIT 2021 Inability of Low Oxygen Tension to Induce Chondrogenesis in Human Infr | https://www.frontiersin.org/articles/10.3389/fcell.2021.703038/pdf
       > 21% oxygen tension, and HYP pellets were constantly exposed to 2% oxygen
       > oxygen tension but were removed from the hypoxia workstation during media changes and exposed to∼21%
  HIT 2004 Effect of Oxygen Tension on Adult Articular Chondrocytes in Microcarri | https://research.wur.nl/en/publications/effect-of-oxygen-tension-on-adult-articular-chondrocytes-in-micro
       > 21%) was investigated in a bioreactor microcarrier culture, which allows precise control of the oxygen
  HIT 2014 Cartilage Tissue Engineering Using Dermis Isolated Adult Stem Cells: T | https://journals.plos.org/plosone/article/file?id=10.1371/journal.pone.0098570&type=printable
       > Brighton CT, Heppenstall RB (1971) Oxygen tension
  HIT 2022 Synoviocyte-Derived Extracellular Matrix and bFGF Speed Human Chondroc | https://www.frontiersin.org/articles/10.3389/fbioe.2022.825005/pdf
  HIT 2002 The use of electrical stimulation to enhance spinal fusion | https://thejns.org/downloadpdf/journals/neurosurg-focus/13/6/foc.2002.13.6.6.pdf
       > Brighton CT, Friedenberg ZB: Electrical stimulation and oxy- gen tension
       > Brighton CT, Heppenstall RB: Oxygen tension

### brighton1972_avfistula     W1982432321  cited_by=16    OA citing=7
  HIT 2021 Inability of Low Oxygen Tension to Induce Chondrogenesis in Human Infr | https://www.frontiersin.org/articles/10.3389/fcell.2021.703038/pdf
       > 21% oxygen tension, and HYP pellets were constantly exposed to 2% oxygen
       > oxygen tension but were removed from the hypoxia workstation during media changes and exposed to∼21%

### brighton1980_diffusion     W2289442815  cited_by=20    OA citing=1

### brighton1983_gpshuttle     W2212995989  cited_by=14    OA citing=2
  HIT 2019 The Emerging Role of Glucose Metabolism in Cartilage Development | https://www.ncbi.nlm.nih.gov/pmc/articles/7716749
       > glycerol phosphate shuttle

=== 13 quantitative restatements captured -> cite_hits.json
