
======================================================================
CCN2: 36 mapped SNPs
  rs1804025
      ['body height']                                allele=rs1804025-G beta=0.0142 increase p=5e-13
  rs4895927
      ['body height']                                allele=rs4895927-? beta=None None p=1e-08
  rs62424521
      ['body height']                                allele=rs62424521-T beta=0.3142 decrease p=2e-07
  rs6917644
      ['body height']                                allele=rs6917644-G beta=0.0159 decrease p=4e-60
      ['body height']                                allele=rs6917644-A beta=0.0123697 increase p=3e-10
  rs6918708
      ['body height']                                allele=rs6918708-? beta=0.00994089 decrease p=3e-08
  rs7768619
      ['body height']                                allele=rs7768619-C beta=0.0052 decrease p=1e-10
  rs9483364
      ['body height']                                allele=rs9483364-A beta=0.0076 decrease p=3e-29

======================================================================
ACAN: 190 mapped SNPs
  rs1015080
      ['body height']                                allele=rs1015080-A beta=0.0149012 decrease p=6e-13
  rs1015081
      ['body height']                                allele=rs1015081-G beta=0.0233 decrease p=7e-190
      ['body height']                                allele=rs1015081-G beta=0.16788 decrease p=3e-22
      ['body height']                                allele=rs1015081-G beta=0.21962 decrease p=2e-13
  rs1042630
      ['body height']                                allele=rs1042630-A beta=0.0171 increase p=2e-138
      ['body height']                                allele=rs1042630-A beta=0.027 increase p=2e-39
  rs113238597
      ['body height']                                allele=rs113238597-T beta=0.0177227 increase p=1e-27
  rs11630187
      ['body height']                                allele=rs11630187-? beta=0.02515164 decrease p=3e-17
      ['body height']                                allele=rs11630187-G beta=0.0170968 decrease p=4e-16
  rs11632935
      ['body height']                                allele=rs11632935-C beta=0.0168892 increase p=6e-39
  rs11633371
      ['body height']                                allele=rs11633371-? beta=0.03222534 increase p=1e-07
  rs117490607
      ['body height']                                allele=rs117490607-G beta=0.0321167 decrease p=4e-13
  rs12440803
      ['body height']                                allele=rs12440803-G beta=0.015 decrease p=1e-107
      ['body height']                                allele=rs12440803-? beta=None None p=3e-22
      ['body height']                                allele=rs12440803-G beta=0.0108849825 decrease p=5e-21
  rs12591979
      ['body height']                                allele=rs12591979-C beta=0.0416 decrease p=9e-06
  rs12595450
      ['body height']                                allele=rs12595450-G beta=0.00990831 decrease p=9e-09
  rs12899529
      ['body height']                                allele=rs12899529-T beta=0.0165 increase p=5e-14
  rs12901266
      ['body height']                                allele=rs12901266-A beta=0.07224 increase p=3e-48
  rs12904298
      ['body height']                                allele=rs12904298-G beta=0.021762978 decrease p=5e-64
  rs12908753
      ['body height']                                allele=rs12908753-A beta=0.0359 increase p=1e-300
      ['body height']                                allele=rs12908753-A beta=0.0356 increase p=1e-300
      ['body height']                                allele=rs12908753-A beta=0.0559 increase p=1e-24
  rs139811718
      ['body height']                                allele=rs139811718-A beta=0.043126687 increase p=2e-11
      ['body height']                                allele=rs139811718-? beta=0.0592828 increase p=9e-09
  rs141308595
      ['body height']                                allele=rs141308595-? beta=0.306777 decrease p=7e-46
      ['body height']                                allele=rs141308595-T beta=0.18324825 decrease p=2e-40
      ['body height']                                allele=rs141308595-? beta=0.284361 decrease p=2e-36
  rs146576224
      ['body height']                                allele=rs146576224-C beta=0.078 increase p=2e-13
      ['body height']                                allele=rs146576224-C beta=0.098 increase p=1e-08
      ['body height']                                allele=rs146576224-C beta=0.07 increase p=6e-08
  rs150449921
      ['body height']                                allele=rs150449921-G beta=0.0237664 increase p=9e-09
  rs16942277
      ['body height']                                allele=rs16942277-G beta=0.03384 decrease p=2e-28
  rs16942312
      ['body height']                                allele=rs16942312-A beta=0.1132 decrease p=3e-13
  rs16942318
      ['body height']                                allele=rs16942318-A beta=0.083 decrease p=1e-64
      ['body height']                                allele=rs16942318-A beta=0.1253 decrease p=1e-42
  rs16942323
      ['body height']                                allele=rs16942323-C beta=0.012843136 decrease p=1e-11
  rs16942341
      ['body height']                                allele=rs16942341-T beta=0.1201 decrease p=1e-300
      ['body height']                                allele=rs16942341-T beta=0.1096 decrease p=2e-82
      ['body height']                                allele=rs16942341-T beta=0.13 decrease p=4e-27
      ['body height']                                allele=rs16942341-? beta=0.0819349 decrease p=2e-13
      ['body height']                                allele=rs16942341-T beta=0.0749 decrease p=7e-08
  rs16942383
      ['body height']                                allele=rs16942383-A beta=0.0942 decrease p=1e-300
      ['body height']                                allele=rs16942383-A beta=0.0943 decrease p=1e-48
      ['body height']                                allele=rs16942383-A beta=0.1146 decrease p=1e-19
  rs17198849
      ['body height']                                allele=rs17198849-G beta=0.0387 increase p=2e-193
  rs17199220
      ['body height']                                allele=rs17199220-A beta=0.0148 decrease p=4e-74
      ['body height']                                allele=rs17199220-G beta=0.0104581 increase p=9e-15
  rs17200030
      ['body height']                                allele=rs17200030-T beta=0.0975 decrease p=2e-291
      ['body height']                                allele=rs17200030-C beta=0.0491753 increase p=2e-39
      ['body height']                                allele=rs17200030-T beta=0.1043 decrease p=9e-24
  rs17200595
      ['body height']                                allele=rs17200595-C beta=0.0347408 decrease p=3e-12
  rs17201864
      ['body height']                                allele=rs17201864-T beta=0.0115 increase p=1e-21
  rs187821767
      ['body height']                                allele=rs187821767-C beta=0.0290994 increase p=3e-12
      ['body height']                                allele=rs187821767-T beta=0.024033587 decrease p=3e-12
  rs1878328
      ['body height']                                allele=rs1878328-T beta=0.1132 increase p=4e-10
  rs1879529
      ['body height']                                allele=rs1879529-T beta=0.0391 decrease p=1e-300
  rs190672049
      ['body height']                                allele=rs190672049-A beta=0.03986588 increase p=3e-13
      ['body height']                                allele=rs190672049-G beta=0.0453491 decrease p=6e-12
  rs2271715
      ['body height']                                allele=rs2271715-G beta=0.0241 increase p=5e-28
  rs2280468
      ['body height']                                allele=rs2280468-T beta=0.0098 decrease p=4e-40
  rs2280470
      ['body height']                                allele=rs2280470-A beta=0.044 increase p=3e-44
      ['body height']                                allele=rs2280470-A beta=None None p=1e-15
      ['body height']                                allele=rs2280470-? beta=None None p=1e-14
      ['body height']                                allele=rs2280470-A beta=0.0461 increase p=2e-10
      ['infant body height']                         allele=rs2280470-A beta=0.053 increase p=6e-09
  rs2351491
      ['body height']                                allele=rs2351491-T beta=0.057 increase p=2e-09
  rs28384224
      ['body height']                                allele=rs28384224-T beta=0.01424 increase p=1e-26
  rs28559926
      ['body height']                                allele=rs28559926-G beta=0.2575 increase p=2e-200
      ['body height']                                allele=rs28559926-G beta=0.1113 increase p=4e-105
      ['body height']                                allele=rs28559926-G beta=0.1066 increase p=5e-104
      ['body height']                                allele=rs28559926-G beta=0.1103 increase p=2e-103
      ['body height']                                allele=rs28559926-G beta=0.08381 increase p=5e-78
      ['body height']                                allele=rs28559926-G beta=0.08561 increase p=2e-77
      ['body height']                                allele=rs28559926-G beta=0.08436 increase p=2e-74
      ['body height']                                allele=rs28559926-G beta=0.1127 increase p=3e-66
      ['body height']                                allele=rs28559926-G beta=0.1172 increase p=4e-23
      ['body height']                                allele=rs28559926-G beta=0.1176 increase p=4e-23
  rs28584580
      ['body height']                                allele=rs28584580-A beta=0.1916 increase p=7e-237
      ['body height']                                allele=rs28584580-? beta=None None p=3e-196
      ['body height']                                allele=rs28584580-G beta=0.0896376 decrease p=1e-181
      ['body height']                                allele=rs28584580-? beta=0.136743 decrease p=3e-157
      ['body height']                                allele=rs28584580-A beta=0.0987615 increase p=5e-152
      ['body height']                                allele=rs28584580-G beta=0.1153 decrease p=2e-124
  rs2882676
      ['body height']                                allele=rs2882676-C beta=0.0227856 decrease p=4e-13
  rs34949187
      ['body height']                                allele=rs34949187-? beta=0.0280965 decrease p=1e-36
  rs35148461
      ['body height']                                allele=rs35148461-? beta=0.022027003 decrease p=1e-11
      ['body height']                                allele=rs35148461-T beta=0.0422 increase p=2e-08
  rs3784757
      ['body height']                                allele=rs3784757-A beta=0.0677 decrease p=1e-300
      ['body height']                                allele=rs3784757-A beta=0.04391 decrease p=2e-36
  rs3784759
      ['body height']                                allele=rs3784759-C beta=0.0065 decrease p=3e-08
  rs3817428
      ['body height']                                allele=rs3817428-? beta=0.0380314 decrease p=1e-83
      ['body height']                                allele=rs3817428-C beta=0.026371 increase p=1e-74
      ['body height']                                allele=rs3817428-G beta=0.0369 decrease p=4e-39
      ['body height']                                allele=rs3817428-G beta=0.0383 decrease p=6e-25
      ['body height']                                allele=rs3817428-C beta=0.046 increase p=9e-11
  rs4500694
      ['body height']                                allele=rs4500694-C beta=0.0074 increase p=7e-27
  rs4534816
      ['body height']                                allele=rs4534816-A beta=0.0128 increase p=4e-48
      ['body height']                                allele=rs4534816-A beta=0.0229 increase p=2e-13
  rs4534818
      ['body height']                                allele=rs4534818-G beta=0.01621 decrease p=5e-06
  rs4932198
      ['body height']                                allele=rs4932198-T beta=0.0055 increase p=9e-12
  rs4932200
      ['body height']                                allele=rs4932200-? beta=None None p=7e-98
  rs4932412
      ['body height']                                allele=rs4932412-G beta=0.014 decrease p=3e-56
  rs4932430
      ['body height']                                allele=rs4932430-A beta=0.02775 decrease p=5e-18
  rs4932434
      ['body height']                                allele=rs4932434-C beta=0.0247488 decrease p=4e-08
  rs4932435
      ['body height']                                allele=rs4932435-T beta=0.0147571 increase p=3e-27
  rs4932438
      ['body height']                                allele=rs4932438-C beta=0.0273 increase p=1e-168
  rs530742363
      ['body height']                                allele=rs530742363-C beta=0.0283491 increase p=3e-95
  rs532160934
      ['body height']                                allele=rs532160934-C beta=0.00892732 increase p=5e-08
  rs544113938
      ['body height']                                allele=rs544113938-? beta=0.146469 decrease p=1e-13
  rs56071466
      ['body height']                                allele=rs56071466-? beta=0.018653687 decrease p=8e-09
  rs56238630
      ['body height']                                allele=rs56238630-T beta=0.1384 increase p=2e-12
  rs577630729
      ['body height']                                allele=rs577630729-? beta=0.125533 decrease p=7e-15
  rs62023550
      ['body height']                                allele=rs62023550-A beta=0.012648 increase p=4e-20
  rs6496519
      ['body height']                                allele=rs6496519-T beta=0.0146 decrease p=6e-46
  rs7173022
      ['body height']                                allele=rs7173022-A beta=0.0164 decrease p=9e-19
  rs7176941
      ['body height']                                allele=rs7176941-? beta=0.0318904 increase p=4e-75
      ['body height']                                allele=rs7176941-G beta=0.019307835 increase p=9e-74
      ['body height']                                allele=rs7176941-A beta=0.0228123 decrease p=7e-71
      ['body height']                                allele=rs7176941-A beta=0.0331 decrease p=5e-53
      ['body height']                                allele=rs7176941-A beta=0.0266 decrease p=5e-14
  rs7182726
      ['body height']                                allele=rs7182726-A beta=0.0139 decrease p=7e-71
  rs72765638
      ['body height']                                allele=rs72765638-C beta=0.020258911 decrease p=7e-36
      ['body height']                                allele=rs72765638-G beta=0.0221721 increase p=8e-30
      ['body height']                                allele=rs72765638-? beta=0.0298333 decrease p=3e-29
  rs72765671
      ['body height']                                allele=rs72765671-? beta=0.034586366 decrease p=3e-08
  rs72765681
      ['body height']                                allele=rs72765681-G beta=0.024803 increase p=7e-10
  rs745669049
      ['body height']                                allele=rs745669049-? beta=0.105442 decrease p=1e-14
  rs7495704
      ['body height']                                allele=rs7495704-C beta=0.0104621 increase p=2e-13
  rs7497684
      ['body height']                                allele=rs7497684-C beta=0.0275 decrease p=1e-300
  rs75169935
      ['body height']                                allele=rs75169935-A beta=0.024991 decrease p=6e-12
  rs76282091
      ['body height']                                allele=rs76282091-? beta=None None p=2e-21
  rs76898489
      ['body height']                                allele=rs76898489-C beta=0.010472 increase p=3e-10
  rs77709198
      ['body height']                                allele=rs77709198-C beta=0.0274704 increase p=8e-18
  rs77858829
      ['body height']                                allele=rs77858829-? beta=0.0204717 increase p=1e-17
      ['body height']                                allele=rs77858829-C beta=0.0130552 decrease p=1e-13
  rs8028537
      ['body height']                                allele=rs8028537-A beta=0.0287 decrease p=2e-08
  rs8031741
      ['body height']                                allele=rs8031741-G beta=0.0159 decrease p=6e-13
  rs8039462
      ['body height']                                allele=rs8039462-G beta=0.00840671 decrease p=9e-11
  rs8041863
      ['body height']                                allele=rs8041863-A beta=0.04 increase p=8e-08
      ['body height']                                allele=rs8041863-? beta=0.03146586 increase p=2e-07
  rs8042108
      ['body height']                                allele=rs8042108-T beta=0.05231 decrease p=4e-60
  rs8042988
      ['body height']                                allele=rs8042988-? beta=0.03302526 decrease p=6e-08
      ['body height']                                allele=rs8042988-A beta=0.006 increase p=4e-07
  rs938608
      ['body height']                                allele=rs938608-? beta=0.0203806 decrease p=4e-29
      ['body height']                                allele=rs938608-? beta=0.0467209 decrease p=3e-27
      ['body height']                                allele=rs938608-? beta=0.03103 decrease p=3e-23
      ['body height']                                allele=rs938608-G beta=0.041 increase p=5e-11
  rs938614
      ['body height']                                allele=rs938614-A beta=0.0317 increase p=7e-07
  rs9630453
      ['body height']                                allele=rs9630453-A beta=0.0388 increase p=5e-06
  rs9972588
      ['body height']                                allele=rs9972588-T beta=0.0274 decrease p=1e-159
      ['body height']                                allele=rs9972588-C beta=0.0251129 increase p=1e-25

======================================================================
CTGF: 0 mapped SNPs
