rat-Baron RZvPZ        rat      nA=5 nB=5 genes=15322
rat-Baron RZvEPI       rat      nA=5 nB=4 genes=15322
HUMAN RZvPZ            HUMAN    nA=2 nB=2 genes=21750
rat-femur RZvPZ        rat      nA=2 nB=2 genes=15322
MOUSE RoundvFlat       mouse    nA=3 nB=3 genes=21509
BOVINE RZvHZ           bovine   nA=6 nB=6 genes=9381
MOUSE LRC hi v lo      mouse    nA=3 nB=3 genes=23145
rat-10d RZvDeep        rat      nA=4 nB=4 genes=14797
CHICK PZvHZ            chick    nA=4 nB=4 genes=14359


===== Hedgehog =====
gene      rat-Baro rat-Baro    HUMAN rat-femu    MOUSE   BOVINE    MOUSE  rat-10d    CHICK   verdict
SMO           0.44     0.68     0.45     2.44     0.46     0.07     0.17    -0.22     0.02   5+/0-/40 of 9
PTCH1        -0.09     1.12    -1.93    -1.83    -1.01     0.11     0.29     1.21     1.35   4+/3-/20 of 9
PTCH2            .        .     0.15        .    -0.65        .     1.40     0.18    -0.01   1+/1-/30 of 5
GLI1         -1.07     3.10    -0.29    -1.17    -0.14        .    -1.48     0.45     0.22   2+/4-/20 of 8
GLI2          1.13     0.51     0.78    -1.35    -0.27        .     1.92     0.50     0.90   6+/2-/00 of 8
GLI3             .        .     0.43        .     0.56        .     0.04    -0.71    -0.14   2+/1-/20 of 5
IHH          -1.77    -0.32    -0.03    -0.92    -0.56    -0.76    -4.80     0.09     0.43   1+/6-/20 of 9
SHH           0.05    -0.01     0.40    -1.11    -0.00    -0.28     0.68    -0.01     0.41   3+/2-/40 of 9
HHIP          1.63     2.91    -0.57    -1.87     0.86        .     1.16        .    -0.64   4+/3-/00 of 7
BOC           3.20     0.32     0.83     5.84     1.92     0.14     0.41        .     0.09   6+/0-/20 of 8
CDON          0.74    -0.39    -0.53    -2.11     2.67        .    -0.07    -0.55     0.66   3+/4-/10 of 8
GAS1         -1.31    -0.80     1.52    -0.54     1.34        .     3.53        .        .   3+/3-/00 of 6
SUFU         -1.41    -1.03    -0.54    -0.20    -0.17        .    -0.63     0.01    -0.32   0+/5-/30 of 8

===== RZ identity =====
gene      rat-Baro rat-Baro    HUMAN rat-femu    MOUSE   BOVINE    MOUSE  rat-10d    CHICK   verdict
SFRP5         3.96     2.40     2.51     1.98     0.02     0.60     1.28     1.83     0.10   7+/0-/20 of 9
FRZB          1.69    -0.24     2.35     1.73    -0.49    -0.76     0.21    -0.24     0.94   4+/2-/30 of 9
PTHLH         2.37     2.29     1.40     0.97     1.32     0.36     1.40     1.00     0.19   8+/0-/10 of 9
GREM1         6.46    -0.81     1.92     1.05     0.65        .     0.66    -1.40    -1.17   5+/3-/00 of 8
THBS1            .        .    -0.30        .     0.44    -0.05     1.09        .     2.08   3+/1-/10 of 5
THBS2         3.28    -0.43    -1.53     1.73    -0.09     0.30     0.20        .    -0.54   3+/3-/20 of 8
DCN           3.14     0.97    -0.65     1.10    -0.08     0.08     0.98    -0.22    -0.18   4+/1-/40 of 9
CYTL1         1.52    -1.54    -0.32     3.72     5.12        .     2.52    -2.68     1.95   5+/3-/00 of 8
SOX9             .        .    -0.76        .     1.61        .     0.47        .     0.02   2+/1-/10 of 4
PRG4             .        .     1.46        .     5.54     0.10     5.77    -4.62        .   3+/1-/10 of 5
PDGFRA        3.14     0.18     0.32     3.38     0.41     0.53     2.12    -0.21     0.14   6+/0-/30 of 9
FOXA2         0.98    -0.49    -0.94    -0.08     0.73        .    -0.88    -0.47     0.73   3+/4-/10 of 8

===== Methylation =====
gene      rat-Baro rat-Baro    HUMAN rat-femu    MOUSE   BOVINE    MOUSE  rat-10d    CHICK   verdict
DNMT1        -0.73    -0.04    -1.05     1.90     0.29     0.06     0.89     0.40     0.16   4+/2-/30 of 9
DNMT3A        0.90    -0.00    -0.01    -0.81     0.29    -0.10     0.52     0.39    -1.35   4+/2-/30 of 9
DNMT3B        0.36     1.66     0.43    -0.14     0.08    -0.07    -1.93    -0.03     0.08   3+/1-/50 of 9
UHRF1        -0.52     0.64    -2.81    -0.35    -0.29     0.88    -0.15     0.55     0.76   4+/4-/10 of 9
TET1          0.48     0.82     0.86    -0.36    -0.29        .     0.11        .    -0.25   3+/3-/10 of 7
TET2          0.76     0.08    -0.65     2.30     0.18        .     0.28        .     0.12   3+/1-/30 of 7
TET3         -0.15    -0.19     0.37    -0.36    -1.82        .     0.30        .    -0.01   2+/2-/30 of 7
TDG          -0.46     0.17     1.19    -0.95        .     0.12    -1.08     0.15    -0.15   1+/3-/40 of 8
MECP2        -0.21     0.22     0.99     0.79    -0.33     0.53     0.37        .        .   4+/1-/20 of 7
PCNA         -0.68     0.51    -2.65     1.11    -0.25     0.23    -0.36     1.06     0.17   3+/3-/30 of 9

===== Endocrine =====
gene      rat-Baro rat-Baro    HUMAN rat-femu    MOUSE   BOVINE    MOUSE  rat-10d    CHICK   verdict
ESR1         -1.67     0.15    -0.41    -2.06     1.55    -0.13     1.67    -0.48     0.14   2+/4-/30 of 9
ESR2         -0.56    -0.51    -0.61     0.04    -0.54     0.04     2.14    -0.53    -0.50   1+/6-/20 of 9
AR            0.01     0.07     4.07     0.03     0.38        .    -1.87    -1.14    -0.12   2+/2-/40 of 8
GHR           1.15    -0.65    -1.51     0.12     0.73    -0.03     0.92    -1.03    -0.69   3+/4-/20 of 9
IGF1          1.57    -0.03     1.67    -0.04     0.17    -0.19     2.38    -1.16     0.16   3+/1-/50 of 9
IGF1R        -0.75     0.34    -0.75    -0.65     0.61    -0.16    -0.20     0.09    -0.95   2+/4-/30 of 9
IGF2          0.12     0.18        .    -1.10    -0.15    -0.34     5.57    -0.00     0.07   1+/2-/50 of 8
NR3C1         0.01     0.02    -0.08    -0.57     0.04    -0.01    -0.06    -0.30     0.08   0+/2-/70 of 9
NPR2          0.05     0.32    -0.54     1.35     0.90     0.11     1.28     0.34        .   5+/1-/20 of 8
FGFR3        -0.83    -0.17    -1.71     0.95    -0.48    -0.27    -0.66     0.27    -0.24   2+/5-/20 of 9
PTH1R        -0.26    -1.25    -1.81    -0.53    -2.26    -0.49    -1.61     0.59    -0.07   1+/7-/10 of 9

===== Cycle/senes =====
gene      rat-Baro rat-Baro    HUMAN rat-femu    MOUSE   BOVINE    MOUSE  rat-10d    CHICK   verdict
MKI67        -0.91     0.45    -0.65     0.93     0.17        .    -1.02        .     1.76   3+/3-/10 of 7
CDKN1A       -0.45    -0.76     1.94     1.43    -0.91     0.30     0.06     0.48    -1.10   4+/4-/10 of 9
CDKN2A        0.18    -1.42    -0.32    -2.99    -1.59        .    -0.61     0.09     1.19   1+/5-/20 of 8
CDKN2B       -0.72     0.16    -2.37    -3.01     0.11     0.11    -1.16    -0.09     0.03   0+/4-/50 of 9
CDKN2C       -0.17     0.11    -1.80    -0.55     0.15     0.35    -0.73     0.23     0.79   2+/3-/40 of 9
TP53          0.07     0.20     0.01    -0.49        .    -0.05        .     0.08     0.23   0+/1-/60 of 7
CCND1         0.17    -0.08    -0.19    -1.10     0.76    -0.33     0.39     1.44     1.50   4+/2-/30 of 9
GLB1         -0.04    -0.58        .     0.79     0.34     0.13     0.46     0.20     0.60   4+/1-/30 of 8

===== Wnt/TGFb =====
gene      rat-Baro rat-Baro    HUMAN rat-femu    MOUSE   BOVINE    MOUSE  rat-10d    CHICK   verdict
WNT4         -2.52    -2.52    -0.91     0.58     0.82        .    -0.72     0.56    -0.05   3+/4-/10 of 8
WNT5A        -1.27    -1.17    -1.58    -0.75    -1.37        .    -0.53     0.53     0.53   2+/6-/00 of 8
AXIN2        -0.95    -0.87     0.73     0.93    -0.57     0.30     1.66    -0.34    -0.45   4+/5-/00 of 9
LEF1          0.47     0.46    -0.86    -0.53    -0.34    -0.40     1.14     1.22     0.63   5+/4-/00 of 9
CTNNB1       -0.06     0.10    -0.77     1.33    -0.25     0.10    -0.22     0.16     0.43   2+/2-/50 of 9
TGFBR2        0.43     0.93    -0.41     2.11     0.61    -0.06     0.85     0.78    -0.14   6+/1-/20 of 9
TGFB1         0.47    -1.63     1.49    -1.65    -0.65     0.30     0.84     0.01    -0.39   4+/4-/10 of 9
SMAD3         1.12     0.53     1.04     0.53     0.43    -0.87     0.74    -0.22     0.63   7+/1-/10 of 9
BMP2         -1.08    -1.74     2.27     0.07     1.98    -0.01     1.40    -0.28     0.02   3+/3-/30 of 9

===== Imprinted =====
gene      rat-Baro rat-Baro    HUMAN rat-femu    MOUSE   BOVINE    MOUSE  rat-10d    CHICK   verdict
H19           0.13     0.12        .     2.66        .        .     1.22    -0.05        .   2+/0-/30 of 5
DLK1          1.78    -0.17     0.52     0.10     0.39     0.34     2.60    -0.72    -0.15   5+/1-/30 of 9
MEG3             .        .    -0.86        .     0.11     0.43     1.41        .        .   2+/1-/10 of 4
PLAGL1       -0.21    -0.01    -0.39     0.10    -0.04    -0.03    -0.64    -0.00        .   0+/2-/60 of 8
GRB10        -0.29     0.22     2.14     0.70    -0.48     0.07    -0.77     0.05    -0.84   2+/4-/30 of 9
CDKN1C        0.09    -0.16    -0.77     0.34    -0.24    -0.30     0.62     0.91        .   3+/2-/30 of 8
PEG3             .        .    -1.17        .    -0.06     0.07    -0.16        .        .   0+/1-/30 of 4
