
--- primary markers, nGene>=1000
   n: cHET=633 cKO=4870   chi2 p=1.63e-29
   RZ_stem     cHET  70.0%   cKO  44.9%
   prolif      cHET   7.7%   cKO  14.3%
   preHT_HT    cHET  18.8%   cKO  33.4%
   osteoblast  cHET   2.2%   cKO   4.9%
   stromal     cHET   1.3%   cKO   2.4%

--- reduced markers, nGene>=1000
   n: cHET=633 cKO=4870   chi2 p=1.69e-58
   RZ_stem     cHET  57.2%   cKO  25.7%
   prolif      cHET  13.3%   cKO  17.6%
   preHT_HT    cHET  11.1%   cKO  19.8%
   osteoblast  cHET  16.7%   cKO  30.7%
   stromal     cHET   1.7%   cKO   6.3%

--- primary markers, nGene>=2000
   n: cHET=591 cKO=4127   chi2 p=2.28e-25
   RZ_stem     cHET  72.4%   cKO  48.3%
   prolif      cHET   7.4%   cKO  11.2%
   preHT_HT    cHET  16.8%   cKO  33.9%
   osteoblast  cHET   2.0%   cKO   4.4%
   stromal     cHET   1.4%   cKO   2.2%

=== Gli1 / Hh target within RZ_stem-assigned cells only ===
  Gli1   cHET  mean=0.0998  pct+=36.8%  n=443
  Ptch1  cHET  mean=0.8567  pct+=83.3%  n=443
  Hhip   cHET  mean=0.7837  pct+=80.1%  n=443
  Ccnd1  cHET  mean=0.4934  pct+=56.0%  n=443
  Gli1   cKO   mean=0.1305  pct+=37.7%  n=2189
  Ptch1  cKO   mean=0.8716  pct+=82.5%  n=2189
  Hhip   cKO   mean=0.6483  pct+=76.6%  n=2189
  Ccnd1  cKO   mean=0.2795  pct+=41.8%  n=2189
  Gli1   cHET vs cKO  p=0.0746
  Ptch1  cHET vs cKO  p=0.782
  Hhip   cHET vs cKO  p=0.000169
  Ccnd1  cHET vs cKO  p=6.11e-13
