GSM9328218_P30453_1001.h5    cells= 4552 root=  869 missing=[]
GSM9328219_P30453_1002.h5    cells= 1638 root=  315 missing=[]
GSM9328220_P30453_1003.h5    cells=  322 root=   64 missing=[]
GSM9328221_P31011_1001.h5    cells=11576 root= 2261 missing=[]
GSM9328222_P31011_1002.h5    cells= 2222 root=  414 missing=[]
GSM9328223_P31011_1003.h5    cells= 2297 root=  440 missing=[]
GSM9328224_P25452_001.h5     cells= 8973 root= 1670 missing=[]
GSM9328225_P25452_004.h5     cells=10208 root= 1842 missing=[]
GSM9328226_P25452_005.h5     cells= 5421 root= 1013 missing=[]
GSM9328227_P25452_007.h5     cells= 7233 root= 1306 missing=[]
GSM9328228_P25452_008.h5     cells= 2729 root=  458 missing=[]

=== ABSOLUTE: %% of GP1-root cells with detected transcript (per sample) ===
gene       S1 S2 S3 S4 S5 S6 S7 S8 S9 S10 S11   median
PTCH1        68   23   20   36   53   51   85   63   70   34   19    50.9%
SMO          18    8    0   18   10   10   26   22   32   17    8    16.9%
GLI1          8    3    0   10    5    3   10    3    5    3    3     3.5%
GLI2         61   14    8   34   33   33   30    8   12   10    4    13.7%
HHIP         41   10    8   23   21   21   42   45   46   10    9    21.1%
SUFU         31   17    5   27   19   12    8    8   10    5    3    10.1%
BOC          30    4    0   39   27   17   37   20   27   21   12    21.0%
IHH           9    4   11    1    1    0   18   23   21    1    1     3.8%
PTHLH         1    1    0    2    2    2    5    3    5    6    3     2.5%

=== ENRICHMENT root vs GP1-lo: per-sample log2 fold, paired Wilcoxon across samples ===
gene     per-sample log2FC                                median        p
PTCH1    +3.9 +nan -0.1 +nan +4.4 +4.2 +0.6 +0.5 +0.3 +0.1 -0.2      nan      nan
SMO      +2.1 +nan -6.6 +nan +1.8 +1.9 +0.9 +0.4 +0.5 +0.6 +0.2      nan      nan
GLI1     +2.9 +nan -8.9 +nan +0.5 +0.4 +0.8 +0.1 +0.1 -0.6 +0.9      nan      nan
GLI2     +4.0 +nan +0.0 +nan +2.3 +2.4 +1.3 +0.6 +0.7 +0.1 -0.6      nan      nan
HHIP     +3.7 +nan +0.3 +nan +4.0 +3.7 +0.6 +0.5 +0.2 +0.4 +0.1      nan      nan
SUFU     +0.2 +nan +0.1 +nan +0.3 +0.3 +0.1 +0.2 -0.3 -0.1 +0.5      nan      nan
BOC      +2.7 +nan -7.6 +nan +3.5 +2.2 +1.6 +0.9 +1.2 +0.5 +0.2      nan      nan
CDON     +3.3 +nan +0.0 +nan +1.7 +0.7 +0.3 +0.3 +0.2 +0.4 +0.1      nan      nan
IHH      +4.2 +nan -0.4 +nan +1.2 -0.3 -1.8 -0.1 -1.0 -0.4 +0.4      nan      nan
EVC2     +2.9 +nan +0.8 +nan +1.2 +0.7 +0.6 +0.4 +0.3 +0.2 +0.4      nan      nan
ARL13B   +0.8 +nan -1.8 +nan +0.0 -0.6 -0.0 +0.2 -0.1 -0.0 -0.2      nan      nan
