PTCH1      HEIGHT=61   minP=1e-300    BMD=12
PTCH2      HEIGHT=1    minP=2e-12     BMD=0
SMO        HEIGHT=0    minP=-         BMD=0
GLI1       HEIGHT=0    minP=-         BMD=0
GLI2       HEIGHT=30   minP=2e-286    BMD=2
GLI3       HEIGHT=15   minP=1e-57     BMD=8
HHIP       HEIGHT=64   minP=1e-300    BMD=4
SUFU       HEIGHT=4    minP=7e-132    BMD=0
IHH        HEIGHT=16   minP=1e-300    BMD=0
SHH        HEIGHT=4    minP=3e-24     BMD=3
BOC        HEIGHT=10   minP=4e-105    BMD=0
CDON       HEIGHT=3    minP=5e-142    BMD=0
GAS1       HEIGHT=0    minP=-         BMD=4
EVC        HEIGHT=1    minP=5e-13     BMD=0
EVC2       HEIGHT=0    minP=-         BMD=0
RARG       HEIGHT=1    minP=2e-16     BMD=1
CYP26B1    HEIGHT=11   minP=8e-67     BMD=4
ALDH1A3    HEIGHT=1    minP=7e-11     BMD=0
SFRP5      HEIGHT=0    minP=-         BMD=1
ACAN       HEIGHT=90   minP=1e-300    BMD=0
DNMT3A     HEIGHT=20   minP=1e-300    BMD=4
NPR2       HEIGHT=12   minP=6e-181    BMD=2
FGFR3      HEIGHT=11   minP=4e-63     BMD=0
SHOX       HEIGHT=1    minP=8e-06     BMD=0
